<?xml version="1.0" encoding="UTF-8"?>
<TestRun id="8f2b1c4e-1a2b-4c3d-9e8f-0a1b2c3d4e5f" name="runner 2026-08-01 14:22:31" xmlns="http://microsoft.com/schemas/VisualStudio/TeamTest/2010">
  <Times creation="2026-08-01T14:22:31.0000000+00:00" queuing="2026-08-01T14:22:31.0000000+00:00" start="2026-08-01T14:22:31.5000000+00:00" finish="2026-08-01T14:22:33.7500000+00:00" />
  <Results>
    <UnitTestResult executionId="e1000000-0000-0000-0000-000000000001" testId="a1000000-0000-0000-0000-000000000001" testName="Calc.Tests.CalculatorTests.Adds" computerName="build-01" duration="00:00:00.0421000" startTime="2026-08-01T14:22:31.6000000+00:00" endTime="2026-08-01T14:22:31.6421000+00:00" testType="13cdc9d9-ddb5-4fa4-a97d-d965ccfc6d4b" outcome="Passed" testListId="8c84fa94-04c1-424b-9868-57a2d4851a1d" relativeResultsDirectory="e1000000-0000-0000-0000-000000000001">
      <Output>
        <StdOut>computing 1 + 1</StdOut>
      </Output>
    </UnitTestResult>
    <UnitTestResult executionId="e1000000-0000-0000-0000-000000000002" testId="a1000000-0000-0000-0000-000000000002" testName="Calc.Tests.CalculatorTests.Subtracts" computerName="build-01" duration="00:00:00.0135000" startTime="2026-08-01T14:22:31.7000000+00:00" endTime="2026-08-01T14:22:31.7135000+00:00" testType="13cdc9d9-ddb5-4fa4-a97d-d965ccfc6d4b" outcome="Failed" testListId="8c84fa94-04c1-424b-9868-57a2d4851a1d" relativeResultsDirectory="e1000000-0000-0000-0000-000000000002">
      <Output>
        <ErrorInfo>
          <Message>Assert.Equal() Failure: Values differ
Expected: 1
Actual:   -1</Message>
          <StackTrace>   at Calc.Tests.CalculatorTests.Subtracts() in /src/Calc.Tests/CalculatorTests.cs:line 24
   at System.RuntimeMethodHandle.InvokeMethod(Object target, Void** arguments, Signature sig, Boolean isConstructor)</StackTrace>
        </ErrorInfo>
      </Output>
    </UnitTestResult>
    <UnitTestResult executionId="e1000000-0000-0000-0000-000000000003" testId="a1000000-0000-0000-0000-000000000003" testName="Calc.Tests.CalculatorTests.Divides" computerName="build-01" duration="00:00:00.0000000" testType="13cdc9d9-ddb5-4fa4-a97d-d965ccfc6d4b" outcome="NotExecuted" testListId="8c84fa94-04c1-424b-9868-57a2d4851a1d">
      <Output>
        <ErrorInfo>
          <Message>division is not implemented yet</Message>
        </ErrorInfo>
      </Output>
    </UnitTestResult>
    <UnitTestResult executionId="e1000000-0000-0000-0000-000000000004" testId="a1000000-0000-0000-0000-000000000004" testName="Calc.Tests.NumberTests.IsEven" computerName="build-01" duration="00:00:00.0090000" testType="13cdc9d9-ddb5-4fa4-a97d-d965ccfc6d4b" outcome="Passed" testListId="8c84fa94-04c1-424b-9868-57a2d4851a1d">
      <InnerResults>
        <UnitTestResult executionId="e1000000-0000-0000-0000-000000000005" parentExecutionId="e1000000-0000-0000-0000-000000000004" testId="a1000000-0000-0000-0000-000000000004" testName="Calc.Tests.NumberTests.IsEven(value: 2)" computerName="build-01" duration="00:00:00.0040000" outcome="Passed" testListId="8c84fa94-04c1-424b-9868-57a2d4851a1d" />
        <UnitTestResult executionId="e1000000-0000-0000-0000-000000000006" parentExecutionId="e1000000-0000-0000-0000-000000000004" testId="a1000000-0000-0000-0000-000000000004" testName="Calc.Tests.NumberTests.IsEven(value: 4)" computerName="build-01" duration="00:00:00.0050000" outcome="Passed" testListId="8c84fa94-04c1-424b-9868-57a2d4851a1d" />
      </InnerResults>
    </UnitTestResult>
  </Results>
  <TestDefinitions>
    <UnitTest name="Adds" storage="/src/calc.tests/bin/debug/net8.0/calc.tests.dll" id="a1000000-0000-0000-0000-000000000001">
      <Execution id="e1000000-0000-0000-0000-000000000001" />
      <TestMethod codeBase="/src/Calc.Tests/bin/Debug/net8.0/Calc.Tests.dll" adapterTypeName="executor://xunit/VsTestRunner2/netcoreapp" className="Calc.Tests.CalculatorTests" name="Adds" />
    </UnitTest>
    <UnitTest name="Subtracts" storage="/src/calc.tests/bin/debug/net8.0/calc.tests.dll" id="a1000000-0000-0000-0000-000000000002">
      <Execution id="e1000000-0000-0000-0000-000000000002" />
      <TestMethod codeBase="/src/Calc.Tests/bin/Debug/net8.0/Calc.Tests.dll" adapterTypeName="executor://xunit/VsTestRunner2/netcoreapp" className="Calc.Tests.CalculatorTests" name="Subtracts" />
    </UnitTest>
    <UnitTest name="Divides" storage="/src/calc.tests/bin/debug/net8.0/calc.tests.dll" id="a1000000-0000-0000-0000-000000000003">
      <Execution id="e1000000-0000-0000-0000-000000000003" />
      <TestMethod codeBase="/src/Calc.Tests/bin/Debug/net8.0/Calc.Tests.dll" adapterTypeName="executor://xunit/VsTestRunner2/netcoreapp" className="Calc.Tests.CalculatorTests" name="Divides" />
    </UnitTest>
    <UnitTest name="IsEven" storage="/src/calc.tests/bin/debug/net8.0/calc.tests.dll" id="a1000000-0000-0000-0000-000000000004">
      <Execution id="e1000000-0000-0000-0000-000000000004" />
      <TestMethod codeBase="/src/Calc.Tests/bin/Debug/net8.0/Calc.Tests.dll" adapterTypeName="executor://xunit/VsTestRunner2/netcoreapp" className="Calc.Tests.NumberTests" name="IsEven" />
    </UnitTest>
  </TestDefinitions>
  <ResultSummary outcome="Failed">
    <Counters total="4" executed="3" passed="2" failed="1" error="0" timeout="0" aborted="0" inconclusive="0" passedButRunAborted="0" notRunnable="0" notExecuted="1" disconnected="0" warning="0" completed="0" inProgress="0" pending="0" />
  </ResultSummary>
</TestRun>
